Archive member included to satisfy reference by file (symbol)

c:/program files (x86)/atmel/studio/7.0/toolchain/avr8/avr8-gnu-toolchain/bin/../lib/gcc/avr/5.4.0/avr5\libgcc.a(_udivmodsi4.o)
                              APP/app.o (__udivmodsi4)
c:/program files (x86)/atmel/studio/7.0/toolchain/avr8/avr8-gnu-toolchain/bin/../lib/gcc/avr/5.4.0/avr5\libgcc.a(_exit.o)
                              C:/Program Files (x86)/Atmel/Studio/7.0/Packs/atmel/ATmega_DFP/1.7.374/gcc/dev/atmega32/avr5/crtatmega32.o (exit)
c:/program files (x86)/atmel/studio/7.0/toolchain/avr8/avr8-gnu-toolchain/bin/../lib/gcc/avr/5.4.0/avr5\libgcc.a(_copy_data.o)
                              APP/app.o (__do_copy_data)
c:/program files (x86)/atmel/studio/7.0/toolchain/avr8/avr8-gnu-toolchain/bin/../lib/gcc/avr/5.4.0/avr5\libgcc.a(_clear_bss.o)
                              APP/app.o (__do_clear_bss)
c:/program files (x86)/atmel/studio/7.0/toolchain/avr8/avr8-gnu-toolchain/bin/../lib/gcc/avr/5.4.0/avr5\libgcc.a(_muluhisi3.o)
                              HAL/LM35/LM35_program.o (__muluhisi3)
c:/program files (x86)/atmel/studio/7.0/toolchain/avr8/avr8-gnu-toolchain/bin/../lib/gcc/avr/5.4.0/avr5\libgcc.a(_umulhisi3.o)
                              c:/program files (x86)/atmel/studio/7.0/toolchain/avr8/avr8-gnu-toolchain/bin/../lib/gcc/avr/5.4.0/avr5\libgcc.a(_muluhisi3.o) (__umulhisi3)

Allocating common symbols
Common symbol       size              file

led                 0x5               APP/app.o

Discarded input sections

 .data          0x00000000        0x0 C:/Program Files (x86)/Atmel/Studio/7.0/Packs/atmel/ATmega_DFP/1.7.374/gcc/dev/atmega32/avr5/crtatmega32.o
 .bss           0x00000000        0x0 C:/Program Files (x86)/Atmel/Studio/7.0/Packs/atmel/ATmega_DFP/1.7.374/gcc/dev/atmega32/avr5/crtatmega32.o
 .text          0x00000000        0x0 APP/app.o
 .data          0x00000000        0x0 APP/app.o
 .bss           0x00000000        0x0 APP/app.o
 .text          0x00000000        0x0 HAL/COOLER/COOLER_program.o
 .data          0x00000000        0x0 HAL/COOLER/COOLER_program.o
 .bss           0x00000000        0x0 HAL/COOLER/COOLER_program.o
 .text          0x00000000        0x0 HAL/HEATER/HEATER_program.o
 .data          0x00000000        0x0 HAL/HEATER/HEATER_program.o
 .bss           0x00000000        0x0 HAL/HEATER/HEATER_program.o
 .text          0x00000000        0x0 HAL/LM35/LM35_program.o
 .data          0x00000000        0x0 HAL/LM35/LM35_program.o
 .bss           0x00000000        0x0 HAL/LM35/LM35_program.o
 .text          0x00000000        0x0 HAL/RGB_LED/RGB_LED_program.o
 .data          0x00000000        0x0 HAL/RGB_LED/RGB_LED_program.o
 .bss           0x00000000        0x0 HAL/RGB_LED/RGB_LED_program.o
 .text          0x00000000        0x0 HAL/SEV_SEG/SEV_SEG_program.o
 .data          0x00000000        0x0 HAL/SEV_SEG/SEV_SEG_program.o
 .bss           0x00000000        0x0 HAL/SEV_SEG/SEV_SEG_program.o
 .text.SEV_SEG_enableDot
                0x00000000       0x1a HAL/SEV_SEG/SEV_SEG_program.o
 .text.SEV_SEG_disableDot
                0x00000000       0x1a HAL/SEV_SEG/SEV_SEG_program.o
 .text          0x00000000        0x0 main.o
 .data          0x00000000        0x0 main.o
 .bss           0x00000000        0x0 main.o
 .text          0x00000000        0x0 MCAL/ADC/ADC_program.o
 .data          0x00000000        0x0 MCAL/ADC/ADC_program.o
 .bss           0x00000000        0x0 MCAL/ADC/ADC_program.o
 .text          0x00000000        0x0 MCAL/DELAY/DELAY_program.o
 .data          0x00000000        0x0 MCAL/DELAY/DELAY_program.o
 .bss           0x00000000        0x0 MCAL/DELAY/DELAY_program.o
 .text.DELAY_milli
                0x00000000       0x92 MCAL/DELAY/DELAY_program.o
 .text.DELAY_micro
                0x00000000       0x7c MCAL/DELAY/DELAY_program.o
 .debug_info    0x00000000      0x317 MCAL/DELAY/DELAY_program.o
 .debug_abbrev  0x00000000      0x11c MCAL/DELAY/DELAY_program.o
 .debug_loc     0x00000000      0x29b MCAL/DELAY/DELAY_program.o
 .debug_aranges
                0x00000000       0x28 MCAL/DELAY/DELAY_program.o
 .debug_ranges  0x00000000       0x18 MCAL/DELAY/DELAY_program.o
 .debug_line    0x00000000      0x222 MCAL/DELAY/DELAY_program.o
 .debug_str     0x00000000      0x21b MCAL/DELAY/DELAY_program.o
 .comment       0x00000000       0x31 MCAL/DELAY/DELAY_program.o
 .debug_frame   0x00000000       0x34 MCAL/DELAY/DELAY_program.o
 .text          0x00000000        0x0 MCAL/DIO/DIO_program.o
 .data          0x00000000        0x0 MCAL/DIO/DIO_program.o
 .bss           0x00000000        0x0 MCAL/DIO/DIO_program.o
 .text.DIO_getPinValue
                0x00000000       0x66 MCAL/DIO/DIO_program.o
 .text.DIO_togglePin
                0x00000000       0x84 MCAL/DIO/DIO_program.o
 .text          0x00000000        0x0 MCAL/EEPROM/EEPROM_program.o
 .data          0x00000000        0x0 MCAL/EEPROM/EEPROM_program.o
 .bss           0x00000000        0x0 MCAL/EEPROM/EEPROM_program.o
 .text          0x00000000        0x0 MCAL/EXT_INT_0/EXT_INT_0_program.o
 .data          0x00000000        0x0 MCAL/EXT_INT_0/EXT_INT_0_program.o
 .bss           0x00000000        0x0 MCAL/EXT_INT_0/EXT_INT_0_program.o
 .text          0x00000000        0x0 MCAL/EXT_INT_1/EXT_INT_1_program.o
 .data          0x00000000        0x0 MCAL/EXT_INT_1/EXT_INT_1_program.o
 .bss           0x00000000        0x0 MCAL/EXT_INT_1/EXT_INT_1_program.o
 .text          0x00000000        0x0 MCAL/EXT_INT_2/EXT_INT_2_program.o
 .data          0x00000000        0x0 MCAL/EXT_INT_2/EXT_INT_2_program.o
 .bss           0x00000000        0x0 MCAL/EXT_INT_2/EXT_INT_2_program.o
 .text.EXT_INT_2_disable
                0x00000000        0x8 MCAL/EXT_INT_2/EXT_INT_2_program.o
 .text          0x00000000        0x0 MCAL/GIE/GIE_program.o
 .data          0x00000000        0x0 MCAL/GIE/GIE_program.o
 .bss           0x00000000        0x0 MCAL/GIE/GIE_program.o
 .text.GIE_disable
                0x00000000        0x8 MCAL/GIE/GIE_program.o
 .text          0x00000000        0x0 MCAL/TIMER_2/TIMER_2_program.o
 .data          0x00000000        0x0 MCAL/TIMER_2/TIMER_2_program.o
 .bss           0x00000000        0x0 MCAL/TIMER_2/TIMER_2_program.o
 .text          0x00000000        0x0 SERVICES/SCHEDULER/SCHEDULER_program.o
 .data          0x00000000        0x0 SERVICES/SCHEDULER/SCHEDULER_program.o
 .bss           0x00000000        0x0 SERVICES/SCHEDULER/SCHEDULER_program.o
 .text          0x00000000        0x0 c:/program files (x86)/atmel/studio/7.0/toolchain/avr8/avr8-gnu-toolchain/bin/../lib/gcc/avr/5.4.0/avr5\libgcc.a(_udivmodsi4.o)
 .data          0x00000000        0x0 c:/program files (x86)/atmel/studio/7.0/toolchain/avr8/avr8-gnu-toolchain/bin/../lib/gcc/avr/5.4.0/avr5\libgcc.a(_udivmodsi4.o)
 .bss           0x00000000        0x0 c:/program files (x86)/atmel/studio/7.0/toolchain/avr8/avr8-gnu-toolchain/bin/../lib/gcc/avr/5.4.0/avr5\libgcc.a(_udivmodsi4.o)
 .text.libgcc.mul
                0x00000000        0x0 c:/program files (x86)/atmel/studio/7.0/toolchain/avr8/avr8-gnu-toolchain/bin/../lib/gcc/avr/5.4.0/avr5\libgcc.a(_udivmodsi4.o)
 .text.libgcc   0x00000000        0x0 c:/program files (x86)/atmel/studio/7.0/toolchain/avr8/avr8-gnu-toolchain/bin/../lib/gcc/avr/5.4.0/avr5\libgcc.a(_udivmodsi4.o)
 .text.libgcc.prologue
                0x00000000        0x0 c:/program files (x86)/atmel/studio/7.0/toolchain/avr8/avr8-gnu-toolchain/bin/../lib/gcc/avr/5.4.0/avr5\libgcc.a(_udivmodsi4.o)
 .text.libgcc.builtins
                0x00000000        0x0 c:/program files (x86)/atmel/studio/7.0/toolchain/avr8/avr8-gnu-toolchain/bin/../lib/gcc/avr/5.4.0/avr5\libgcc.a(_udivmodsi4.o)
 .text.libgcc.fmul
                0x00000000        0x0 c:/program files (x86)/atmel/studio/7.0/toolchain/avr8/avr8-gnu-toolchain/bin/../lib/gcc/avr/5.4.0/avr5\libgcc.a(_udivmodsi4.o)
 .text.libgcc.fixed
                0x00000000        0x0 c:/program files (x86)/atmel/studio/7.0/toolchain/avr8/avr8-gnu-toolchain/bin/../lib/gcc/avr/5.4.0/avr5\libgcc.a(_udivmodsi4.o)
 .text          0x00000000        0x0 c:/program files (x86)/atmel/studio/7.0/toolchain/avr8/avr8-gnu-toolchain/bin/../lib/gcc/avr/5.4.0/avr5\libgcc.a(_exit.o)
 .data          0x00000000        0x0 c:/program files (x86)/atmel/studio/7.0/toolchain/avr8/avr8-gnu-toolchain/bin/../lib/gcc/avr/5.4.0/avr5\libgcc.a(_exit.o)
 .bss           0x00000000        0x0 c:/program files (x86)/atmel/studio/7.0/toolchain/avr8/avr8-gnu-toolchain/bin/../lib/gcc/avr/5.4.0/avr5\libgcc.a(_exit.o)
 .text.libgcc.mul
                0x00000000        0x0 c:/program files (x86)/atmel/studio/7.0/toolchain/avr8/avr8-gnu-toolchain/bin/../lib/gcc/avr/5.4.0/avr5\libgcc.a(_exit.o)
 .text.libgcc.div
                0x00000000        0x0 c:/program files (x86)/atmel/studio/7.0/toolchain/avr8/avr8-gnu-toolchain/bin/../lib/gcc/avr/5.4.0/avr5\libgcc.a(_exit.o)
 .text.libgcc   0x00000000        0x0 c:/program files (x86)/atmel/studio/7.0/toolchain/avr8/avr8-gnu-toolchain/bin/../lib/gcc/avr/5.4.0/avr5\libgcc.a(_exit.o)
 .text.libgcc.prologue
                0x00000000        0x0 c:/program files (x86)/atmel/studio/7.0/toolchain/avr8/avr8-gnu-toolchain/bin/../lib/gcc/avr/5.4.0/avr5\libgcc.a(_exit.o)
 .text.libgcc.builtins
                0x00000000        0x0 c:/program files (x86)/atmel/studio/7.0/toolchain/avr8/avr8-gnu-toolchain/bin/../lib/gcc/avr/5.4.0/avr5\libgcc.a(_exit.o)
 .text.libgcc.fmul
                0x00000000        0x0 c:/program files (x86)/atmel/studio/7.0/toolchain/avr8/avr8-gnu-toolchain/bin/../lib/gcc/avr/5.4.0/avr5\libgcc.a(_exit.o)
 .text.libgcc.fixed
                0x00000000        0x0 c:/program files (x86)/atmel/studio/7.0/toolchain/avr8/avr8-gnu-toolchain/bin/../lib/gcc/avr/5.4.0/avr5\libgcc.a(_exit.o)
 .text          0x00000000        0x0 c:/program files (x86)/atmel/studio/7.0/toolchain/avr8/avr8-gnu-toolchain/bin/../lib/gcc/avr/5.4.0/avr5\libgcc.a(_copy_data.o)
 .data          0x00000000        0x0 c:/program files (x86)/atmel/studio/7.0/toolchain/avr8/avr8-gnu-toolchain/bin/../lib/gcc/avr/5.4.0/avr5\libgcc.a(_copy_data.o)
 .bss           0x00000000        0x0 c:/program files (x86)/atmel/studio/7.0/toolchain/avr8/avr8-gnu-toolchain/bin/../lib/gcc/avr/5.4.0/avr5\libgcc.a(_copy_data.o)
 .text.libgcc.mul
                0x00000000        0x0 c:/program files (x86)/atmel/studio/7.0/toolchain/avr8/avr8-gnu-toolchain/bin/../lib/gcc/avr/5.4.0/avr5\libgcc.a(_copy_data.o)
 .text.libgcc.div
                0x00000000        0x0 c:/program files (x86)/atmel/studio/7.0/toolchain/avr8/avr8-gnu-toolchain/bin/../lib/gcc/avr/5.4.0/avr5\libgcc.a(_copy_data.o)
 .text.libgcc   0x00000000        0x0 c:/program files (x86)/atmel/studio/7.0/toolchain/avr8/avr8-gnu-toolchain/bin/../lib/gcc/avr/5.4.0/avr5\libgcc.a(_copy_data.o)
 .text.libgcc.prologue
                0x00000000        0x0 c:/program files (x86)/atmel/studio/7.0/toolchain/avr8/avr8-gnu-toolchain/bin/../lib/gcc/avr/5.4.0/avr5\libgcc.a(_copy_data.o)
 .text.libgcc.builtins
                0x00000000        0x0 c:/program files (x86)/atmel/studio/7.0/toolchain/avr8/avr8-gnu-toolchain/bin/../lib/gcc/avr/5.4.0/avr5\libgcc.a(_copy_data.o)
 .text.libgcc.fmul
                0x00000000        0x0 c:/program files (x86)/atmel/studio/7.0/toolchain/avr8/avr8-gnu-toolchain/bin/../lib/gcc/avr/5.4.0/avr5\libgcc.a(_copy_data.o)
 .text.libgcc.fixed
                0x00000000        0x0 c:/program files (x86)/atmel/studio/7.0/toolchain/avr8/avr8-gnu-toolchain/bin/../lib/gcc/avr/5.4.0/avr5\libgcc.a(_copy_data.o)
 .text          0x00000000        0x0 c:/program files (x86)/atmel/studio/7.0/toolchain/avr8/avr8-gnu-toolchain/bin/../lib/gcc/avr/5.4.0/avr5\libgcc.a(_clear_bss.o)
 .data          0x00000000        0x0 c:/program files (x86)/atmel/studio/7.0/toolchain/avr8/avr8-gnu-toolchain/bin/../lib/gcc/avr/5.4.0/avr5\libgcc.a(_clear_bss.o)
 .bss           0x00000000        0x0 c:/program files (x86)/atmel/studio/7.0/toolchain/avr8/avr8-gnu-toolchain/bin/../lib/gcc/avr/5.4.0/avr5\libgcc.a(_clear_bss.o)
 .text.libgcc.mul
                0x00000000        0x0 c:/program files (x86)/atmel/studio/7.0/toolchain/avr8/avr8-gnu-toolchain/bin/../lib/gcc/avr/5.4.0/avr5\libgcc.a(_clear_bss.o)
 .text.libgcc.div
                0x00000000        0x0 c:/program files (x86)/atmel/studio/7.0/toolchain/avr8/avr8-gnu-toolchain/bin/../lib/gcc/avr/5.4.0/avr5\libgcc.a(_clear_bss.o)
 .text.libgcc   0x00000000        0x0 c:/program files (x86)/atmel/studio/7.0/toolchain/avr8/avr8-gnu-toolchain/bin/../lib/gcc/avr/5.4.0/avr5\libgcc.a(_clear_bss.o)
 .text.libgcc.prologue
                0x00000000        0x0 c:/program files (x86)/atmel/studio/7.0/toolchain/avr8/avr8-gnu-toolchain/bin/../lib/gcc/avr/5.4.0/avr5\libgcc.a(_clear_bss.o)
 .text.libgcc.builtins
                0x00000000        0x0 c:/program files (x86)/atmel/studio/7.0/toolchain/avr8/avr8-gnu-toolchain/bin/../lib/gcc/avr/5.4.0/avr5\libgcc.a(_clear_bss.o)
 .text.libgcc.fmul
                0x00000000        0x0 c:/program files (x86)/atmel/studio/7.0/toolchain/avr8/avr8-gnu-toolchain/bin/../lib/gcc/avr/5.4.0/avr5\libgcc.a(_clear_bss.o)
 .text.libgcc.fixed
                0x00000000        0x0 c:/program files (x86)/atmel/studio/7.0/toolchain/avr8/avr8-gnu-toolchain/bin/../lib/gcc/avr/5.4.0/avr5\libgcc.a(_clear_bss.o)
 .text          0x00000000        0x0 c:/program files (x86)/atmel/studio/7.0/toolchain/avr8/avr8-gnu-toolchain/bin/../lib/gcc/avr/5.4.0/avr5\libgcc.a(_muluhisi3.o)
 .data          0x00000000        0x0 c:/program files (x86)/atmel/studio/7.0/toolchain/avr8/avr8-gnu-toolchain/bin/../lib/gcc/avr/5.4.0/avr5\libgcc.a(_muluhisi3.o)
 .bss           0x00000000        0x0 c:/program files (x86)/atmel/studio/7.0/toolchain/avr8/avr8-gnu-toolchain/bin/../lib/gcc/avr/5.4.0/avr5\libgcc.a(_muluhisi3.o)
 .text.libgcc.div
                0x00000000        0x0 c:/program files (x86)/atmel/studio/7.0/toolchain/avr8/avr8-gnu-toolchain/bin/../lib/gcc/avr/5.4.0/avr5\libgcc.a(_muluhisi3.o)
 .text.libgcc   0x00000000        0x0 c:/program files (x86)/atmel/studio/7.0/toolchain/avr8/avr8-gnu-toolchain/bin/../lib/gcc/avr/5.4.0/avr5\libgcc.a(_muluhisi3.o)
 .text.libgcc.prologue
                0x00000000        0x0 c:/program files (x86)/atmel/studio/7.0/toolchain/avr8/avr8-gnu-toolchain/bin/../lib/gcc/avr/5.4.0/avr5\libgcc.a(_muluhisi3.o)
 .text.libgcc.builtins
                0x00000000        0x0 c:/program files (x86)/atmel/studio/7.0/toolchain/avr8/avr8-gnu-toolchain/bin/../lib/gcc/avr/5.4.0/avr5\libgcc.a(_muluhisi3.o)
 .text.libgcc.fmul
                0x00000000        0x0 c:/program files (x86)/atmel/studio/7.0/toolchain/avr8/avr8-gnu-toolchain/bin/../lib/gcc/avr/5.4.0/avr5\libgcc.a(_muluhisi3.o)
 .text.libgcc.fixed
                0x00000000        0x0 c:/program files (x86)/atmel/studio/7.0/toolchain/avr8/avr8-gnu-toolchain/bin/../lib/gcc/avr/5.4.0/avr5\libgcc.a(_muluhisi3.o)
 .text          0x00000000        0x0 c:/program files (x86)/atmel/studio/7.0/toolchain/avr8/avr8-gnu-toolchain/bin/../lib/gcc/avr/5.4.0/avr5\libgcc.a(_umulhisi3.o)
 .data          0x00000000        0x0 c:/program files (x86)/atmel/studio/7.0/toolchain/avr8/avr8-gnu-toolchain/bin/../lib/gcc/avr/5.4.0/avr5\libgcc.a(_umulhisi3.o)
 .bss           0x00000000        0x0 c:/program files (x86)/atmel/studio/7.0/toolchain/avr8/avr8-gnu-toolchain/bin/../lib/gcc/avr/5.4.0/avr5\libgcc.a(_umulhisi3.o)
 .text.libgcc.div
                0x00000000        0x0 c:/program files (x86)/atmel/studio/7.0/toolchain/avr8/avr8-gnu-toolchain/bin/../lib/gcc/avr/5.4.0/avr5\libgcc.a(_umulhisi3.o)
 .text.libgcc   0x00000000        0x0 c:/program files (x86)/atmel/studio/7.0/toolchain/avr8/avr8-gnu-toolchain/bin/../lib/gcc/avr/5.4.0/avr5\libgcc.a(_umulhisi3.o)
 .text.libgcc.prologue
                0x00000000        0x0 c:/program files (x86)/atmel/studio/7.0/toolchain/avr8/avr8-gnu-toolchain/bin/../lib/gcc/avr/5.4.0/avr5\libgcc.a(_umulhisi3.o)
 .text.libgcc.builtins
                0x00000000        0x0 c:/program files (x86)/atmel/studio/7.0/toolchain/avr8/avr8-gnu-toolchain/bin/../lib/gcc/avr/5.4.0/avr5\libgcc.a(_umulhisi3.o)
 .text.libgcc.fmul
                0x00000000        0x0 c:/program files (x86)/atmel/studio/7.0/toolchain/avr8/avr8-gnu-toolchain/bin/../lib/gcc/avr/5.4.0/avr5\libgcc.a(_umulhisi3.o)
 .text.libgcc.fixed
                0x00000000        0x0 c:/program files (x86)/atmel/studio/7.0/toolchain/avr8/avr8-gnu-toolchain/bin/../lib/gcc/avr/5.4.0/avr5\libgcc.a(_umulhisi3.o)

Memory Configuration

Name             Origin             Length             Attributes
text             0x00000000         0x00008000         xr
data             0x00800060         0x00000800         rw !x
eeprom           0x00810000         0x00000400         rw !x
fuse             0x00820000         0x00000002         rw !x
lock             0x00830000         0x00000400         rw !x
signature        0x00840000         0x00000400         rw !x
user_signatures  0x00850000         0x00000400         rw !x
*default*        0x00000000         0xffffffff

Linker script and memory map

LOAD C:/Program Files (x86)/Atmel/Studio/7.0/Packs/atmel/ATmega_DFP/1.7.374/gcc/dev/atmega32/avr5/crtatmega32.o
LOAD APP/app.o
LOAD HAL/COOLER/COOLER_program.o
LOAD HAL/HEATER/HEATER_program.o
LOAD HAL/LM35/LM35_program.o
LOAD HAL/RGB_LED/RGB_LED_program.o
LOAD HAL/SEV_SEG/SEV_SEG_program.o
LOAD main.o
LOAD MCAL/ADC/ADC_program.o
LOAD MCAL/DELAY/DELAY_program.o
LOAD MCAL/DIO/DIO_program.o
LOAD MCAL/EEPROM/EEPROM_program.o
LOAD MCAL/EXT_INT_0/EXT_INT_0_program.o
LOAD MCAL/EXT_INT_1/EXT_INT_1_program.o
LOAD MCAL/EXT_INT_2/EXT_INT_2_program.o
LOAD MCAL/GIE/GIE_program.o
LOAD MCAL/TIMER_2/TIMER_2_program.o
LOAD SERVICES/SCHEDULER/SCHEDULER_program.o
START GROUP
LOAD c:/program files (x86)/atmel/studio/7.0/toolchain/avr8/avr8-gnu-toolchain/bin/../lib/gcc/avr/5.4.0/../../../../avr/lib/avr5\libm.a
END GROUP
START GROUP
LOAD c:/program files (x86)/atmel/studio/7.0/toolchain/avr8/avr8-gnu-toolchain/bin/../lib/gcc/avr/5.4.0/avr5\libgcc.a
LOAD c:/program files (x86)/atmel/studio/7.0/toolchain/avr8/avr8-gnu-toolchain/bin/../lib/gcc/avr/5.4.0/../../../../avr/lib/avr5\libm.a
LOAD c:/program files (x86)/atmel/studio/7.0/toolchain/avr8/avr8-gnu-toolchain/bin/../lib/gcc/avr/5.4.0/../../../../avr/lib/avr5\libc.a
LOAD C:/Program Files (x86)/Atmel/Studio/7.0/Packs/atmel/ATmega_DFP/1.7.374/gcc/dev/atmega32/avr5\libatmega32.a
END GROUP
                0x00000000                __TEXT_REGION_ORIGIN__ = DEFINED (__TEXT_REGION_ORIGIN__)?__TEXT_REGION_ORIGIN__:0x0
                [0x00800060]                __DATA_REGION_ORIGIN__ = DEFINED (__DATA_REGION_ORIGIN__)?__DATA_REGION_ORIGIN__:0x800060
                [0x00008000]                __TEXT_REGION_LENGTH__ = DEFINED (__TEXT_REGION_LENGTH__)?__TEXT_REGION_LENGTH__:0x20000
                [0x00000800]                __DATA_REGION_LENGTH__ = DEFINED (__DATA_REGION_LENGTH__)?__DATA_REGION_LENGTH__:0xffa0
                [0x00000400]                __EEPROM_REGION_LENGTH__ = DEFINED (__EEPROM_REGION_LENGTH__)?__EEPROM_REGION_LENGTH__:0x10000
                [0x00000002]                __FUSE_REGION_LENGTH__ = DEFINED (__FUSE_REGION_LENGTH__)?__FUSE_REGION_LENGTH__:0x400
                0x00000400                __LOCK_REGION_LENGTH__ = DEFINED (__LOCK_REGION_LENGTH__)?__LOCK_REGION_LENGTH__:0x400
                0x00000400                __SIGNATURE_REGION_LENGTH__ = DEFINED (__SIGNATURE_REGION_LENGTH__)?__SIGNATURE_REGION_LENGTH__:0x400
                0x00000400                __USER_SIGNATURE_REGION_LENGTH__ = DEFINED (__USER_SIGNATURE_REGION_LENGTH__)?__USER_SIGNATURE_REGION_LENGTH__:0x400

.hash
 *(.hash)

.dynsym
 *(.dynsym)

.dynstr
 *(.dynstr)

.gnu.version
 *(.gnu.version)

.gnu.version_d
 *(.gnu.version_d)

.gnu.version_r
 *(.gnu.version_r)

.rel.init
 *(.rel.init)

.rela.init
 *(.rela.init)

.rel.text
 *(.rel.text)
 *(.rel.text.*)
 *(.rel.gnu.linkonce.t*)

.rela.text
 *(.rela.text)
 *(.rela.text.*)
 *(.rela.gnu.linkonce.t*)

.rel.fini
 *(.rel.fini)

.rela.fini
 *(.rela.fini)

.rel.rodata
 *(.rel.rodata)
 *(.rel.rodata.*)
 *(.rel.gnu.linkonce.r*)

.rela.rodata
 *(.rela.rodata)
 *(.rela.rodata.*)
 *(.rela.gnu.linkonce.r*)

.rel.data
 *(.rel.data)
 *(.rel.data.*)
 *(.rel.gnu.linkonce.d*)

.rela.data
 *(.rela.data)
 *(.rela.data.*)
 *(.rela.gnu.linkonce.d*)

.rel.ctors
 *(.rel.ctors)

.rela.ctors
 *(.rela.ctors)

.rel.dtors
 *(.rel.dtors)

.rela.dtors
 *(.rela.dtors)

.rel.got
 *(.rel.got)

.rela.got
 *(.rela.got)

.rel.bss
 *(.rel.bss)

.rela.bss
 *(.rela.bss)

.rel.plt
 *(.rel.plt)

.rela.plt
 *(.rela.plt)

.text           0x00000000      0xefe
 *(.vectors)
 .vectors       0x00000000       0x54 C:/Program Files (x86)/Atmel/Studio/7.0/Packs/atmel/ATmega_DFP/1.7.374/gcc/dev/atmega32/avr5/crtatmega32.o
                0x00000000                __vector_default
                0x00000000                __vectors
 *(.vectors)
 *(.progmem.gcc*)
                0x00000054                . = ALIGN (0x2)
                0x00000054                __trampolines_start = .
 *(.trampolines)
 .trampolines   0x00000054        0x0 linker stubs
 *(.trampolines*)
                0x00000054                __trampolines_end = .
 *libprintf_flt.a:*(.progmem.data)
 *libc.a:*(.progmem.data)
 *(.progmem*)
                0x00000054                . = ALIGN (0x2)
 *(.jumptables)
 *(.jumptables*)
 *(.lowtext)
 *(.lowtext*)
                0x00000054                __ctors_start = .
 *(.ctors)
                0x00000054                __ctors_end = .
                0x00000054                __dtors_start = .
 *(.dtors)
                0x00000054                __dtors_end = .
 SORT(*)(.ctors)
 SORT(*)(.dtors)
 *(.init0)
 .init0         0x00000054        0x0 C:/Program Files (x86)/Atmel/Studio/7.0/Packs/atmel/ATmega_DFP/1.7.374/gcc/dev/atmega32/avr5/crtatmega32.o
                0x00000054                __init
 *(.init0)
 *(.init1)
 *(.init1)
 *(.init2)
 .init2         0x00000054        0xc C:/Program Files (x86)/Atmel/Studio/7.0/Packs/atmel/ATmega_DFP/1.7.374/gcc/dev/atmega32/avr5/crtatmega32.o
 *(.init2)
 *(.init3)
 *(.init3)
 *(.init4)
 .init4         0x00000060       0x16 c:/program files (x86)/atmel/studio/7.0/toolchain/avr8/avr8-gnu-toolchain/bin/../lib/gcc/avr/5.4.0/avr5\libgcc.a(_copy_data.o)
                0x00000060                __do_copy_data
 .init4         0x00000076       0x10 c:/program files (x86)/atmel/studio/7.0/toolchain/avr8/avr8-gnu-toolchain/bin/../lib/gcc/avr/5.4.0/avr5\libgcc.a(_clear_bss.o)
                0x00000076                __do_clear_bss
 *(.init4)
 *(.init5)
 *(.init5)
 *(.init6)
 *(.init6)
 *(.init7)
 *(.init7)
 *(.init8)
 *(.init8)
 *(.init9)
 .init9         0x00000086        0x8 C:/Program Files (x86)/Atmel/Studio/7.0/Packs/atmel/ATmega_DFP/1.7.374/gcc/dev/atmega32/avr5/crtatmega32.o
 *(.init9)
 *(.text)
 .text          0x0000008e        0x4 C:/Program Files (x86)/Atmel/Studio/7.0/Packs/atmel/ATmega_DFP/1.7.374/gcc/dev/atmega32/avr5/crtatmega32.o
                0x0000008e                __vector_12
                0x0000008e                __bad_interrupt
                0x0000008e                __vector_6
                0x0000008e                __vector_11
                0x0000008e                __vector_13
                0x0000008e                __vector_17
                0x0000008e                __vector_19
                0x0000008e                __vector_7
                0x0000008e                __vector_5
                0x0000008e                __vector_9
                0x0000008e                __vector_15
                0x0000008e                __vector_8
                0x0000008e                __vector_14
                0x0000008e                __vector_10
                0x0000008e                __vector_16
                0x0000008e                __vector_18
                0x0000008e                __vector_20
                0x00000092                . = ALIGN (0x2)
 *(.text.*)
 .text.APP_stateTimerTask
                0x00000092       0x28 APP/app.o
                0x00000092                APP_stateTimerTask
 .text.APP_blinkLedTask
                0x000000ba       0x46 APP/app.o
                0x000000ba                APP_blinkLedTask
 .text.APP_blinkSevSegTask
                0x00000100       0x4e APP/app.o
                0x00000100                APP_blinkSevSegTask
 .text.APP_readSensorTask
                0x0000014e       0x74 APP/app.o
                0x0000014e                APP_readSensorTask
 .text.APP_setState
                0x000001c2       0xdc APP/app.o
                0x000001c2                APP_setState
 .text.APP_start
                0x0000029e       0x78 APP/app.o
                0x0000029e                APP_start
 .text.APP_update
                0x00000316      0x172 APP/app.o
                0x00000316                APP_update
 .text.App_OnOffBtnOnCLick
                0x00000488       0x18 APP/app.o
                0x00000488                App_OnOffBtnOnCLick
 .text.App_UpBtnOnCLick
                0x000004a0       0x30 APP/app.o
                0x000004a0                App_UpBtnOnCLick
 .text.App_DownOffBtnOnCLick
                0x000004d0       0x30 APP/app.o
                0x000004d0                App_DownOffBtnOnCLick
 .text.COOLER_init
                0x00000500       0x12 HAL/COOLER/COOLER_program.o
                0x00000500                COOLER_init
 .text.COOLER_turnOn
                0x00000512        0xa HAL/COOLER/COOLER_program.o
                0x00000512                COOLER_turnOn
 .text.COOLER_turnOff
                0x0000051c        0xa HAL/COOLER/COOLER_program.o
                0x0000051c                COOLER_turnOff
 .text.HEATER_init
                0x00000526       0x12 HAL/HEATER/HEATER_program.o
                0x00000526                HEATER_init
 .text.HEATER_turnOn
                0x00000538        0xa HAL/HEATER/HEATER_program.o
                0x00000538                HEATER_turnOn
 .text.HEATER_turnOff
                0x00000542        0xa HAL/HEATER/HEATER_program.o
                0x00000542                HEATER_turnOff
 .text.LM35_init
                0x0000054c        0x2 HAL/LM35/LM35_program.o
                0x0000054c                LM35_init
 .text.LM35_readTemp
                0x0000054e       0x22 HAL/LM35/LM35_program.o
                0x0000054e                LM35_readTemp
 .text.RGB_LED_init
                0x00000570       0x30 HAL/RGB_LED/RGB_LED_program.o
                0x00000570                RGB_LED_init
 .text.RGB_LED_turnOff
                0x000005a0       0x24 HAL/RGB_LED/RGB_LED_program.o
                0x000005a0                RGB_LED_turnOff
 .text.RGB_LED_turnOn
                0x000005c4       0x44 HAL/RGB_LED/RGB_LED_program.o
                0x000005c4                RGB_LED_turnOn
 .text.RGB_LED_setColor
                0x00000608       0x46 HAL/RGB_LED/RGB_LED_program.o
                0x00000608                RGB_LED_setColor
 .text.SEV_SEG_init
                0x0000064e       0x5a HAL/SEV_SEG/SEV_SEG_program.o
                0x0000064e                SEV_SEG_init
 .text.SEV_SEG_setDigit
                0x000006a8       0x16 HAL/SEV_SEG/SEV_SEG_program.o
                0x000006a8                SEV_SEG_setDigit
 .text.SEV_SEG_enableDigit
                0x000006be       0x1a HAL/SEV_SEG/SEV_SEG_program.o
                0x000006be                SEV_SEG_enableDigit
 .text.SEV_SEG_update
                0x000006d8       0x9e HAL/SEV_SEG/SEV_SEG_program.o
                0x000006d8                SEV_SEG_update
 .text.SEV_SEG_disableDigit
                0x00000776       0x1a HAL/SEV_SEG/SEV_SEG_program.o
                0x00000776                SEV_SEG_disableDigit
 .text.main     0x00000790        0xa main.o
                0x00000790                main
 .text.ADC_init
                0x0000079a       0x20 MCAL/ADC/ADC_program.o
                0x0000079a                ADC_init
 .text.ADC_read
                0x000007ba       0x2c MCAL/ADC/ADC_program.o
                0x000007ba                ADC_read
 .text.DIO_setPinDir
                0x000007e6      0x116 MCAL/DIO/DIO_program.o
                0x000007e6                DIO_setPinDir
 .text.DIO_setPinValue
                0x000008fc      0x116 MCAL/DIO/DIO_program.o
                0x000008fc                DIO_setPinValue
 .text.EEPROM_writeByte
                0x00000a12       0x12 MCAL/EEPROM/EEPROM_program.o
                0x00000a12                EEPROM_writeByte
 .text.EEPROM_readByte
                0x00000a24       0x14 MCAL/EEPROM/EEPROM_program.o
                0x00000a24                EEPROM_readByte
 .text.EXT_INT_0_init
                0x00000a38       0x16 MCAL/EXT_INT_0/EXT_INT_0_program.o
                0x00000a38                EXT_INT_0_init
 .text.EXT_INT_0_enable
                0x00000a4e        0x8 MCAL/EXT_INT_0/EXT_INT_0_program.o
                0x00000a4e                EXT_INT_0_enable
 .text.EXT_INT_0_disable
                0x00000a56        0x8 MCAL/EXT_INT_0/EXT_INT_0_program.o
                0x00000a56                EXT_INT_0_disable
 .text.EXT_INT_0_setCallBack
                0x00000a5e        0xa MCAL/EXT_INT_0/EXT_INT_0_program.o
                0x00000a5e                EXT_INT_0_setCallBack
 .text.__vector_1
                0x00000a68       0x5a MCAL/EXT_INT_0/EXT_INT_0_program.o
                0x00000a68                __vector_1
 .text.EXT_INT_1_init
                0x00000ac2       0x16 MCAL/EXT_INT_1/EXT_INT_1_program.o
                0x00000ac2                EXT_INT_1_init
 .text.EXT_INT_1_enable
                0x00000ad8        0x8 MCAL/EXT_INT_1/EXT_INT_1_program.o
                0x00000ad8                EXT_INT_1_enable
 .text.EXT_INT_1_disable
                0x00000ae0        0x8 MCAL/EXT_INT_1/EXT_INT_1_program.o
                0x00000ae0                EXT_INT_1_disable
 .text.EXT_INT_1_setCallBack
                0x00000ae8        0xa MCAL/EXT_INT_1/EXT_INT_1_program.o
                0x00000ae8                EXT_INT_1_setCallBack
 .text.__vector_2
                0x00000af2       0x5a MCAL/EXT_INT_1/EXT_INT_1_program.o
                0x00000af2                __vector_2
 .text.EXT_INT_2_init
                0x00000b4c       0x10 MCAL/EXT_INT_2/EXT_INT_2_program.o
                0x00000b4c                EXT_INT_2_init
 .text.EXT_INT_2_enable
                0x00000b5c        0x8 MCAL/EXT_INT_2/EXT_INT_2_program.o
                0x00000b5c                EXT_INT_2_enable
 .text.EXT_INT_2_setCallBack
                0x00000b64        0xa MCAL/EXT_INT_2/EXT_INT_2_program.o
                0x00000b64                EXT_INT_2_setCallBack
 .text.__vector_3
                0x00000b6e       0x5a MCAL/EXT_INT_2/EXT_INT_2_program.o
                0x00000b6e                __vector_3
 .text.GIE_enable
                0x00000bc8        0x8 MCAL/GIE/GIE_program.o
                0x00000bc8                GIE_enable
 .text.TIMER2_init
                0x00000bd0       0x28 MCAL/TIMER_2/TIMER_2_program.o
                0x00000bd0                TIMER2_init
 .text.TIMER2_setCallback
                0x00000bf8        0xa MCAL/TIMER_2/TIMER_2_program.o
                0x00000bf8                TIMER2_setCallback
 .text.__vector_4
                0x00000c02       0x92 MCAL/TIMER_2/TIMER_2_program.o
                0x00000c02                __vector_4
 .text.SCHEDULER_ISR
                0x00000c94       0x94 SERVICES/SCHEDULER/SCHEDULER_program.o
 .text.SCHEDULER_init
                0x00000d28        0xa SERVICES/SCHEDULER/SCHEDULER_program.o
                0x00000d28                SCHEDULER_init
 .text.SCHEDULER_addTask
                0x00000d32       0xb4 SERVICES/SCHEDULER/SCHEDULER_program.o
                0x00000d32                SCHEDULER_addTask
 .text.SCHEDULER_removeTask
                0x00000de6       0x82 SERVICES/SCHEDULER/SCHEDULER_program.o
                0x00000de6                SCHEDULER_removeTask
 .text.SCHEDULER_clearAllTasks
                0x00000e68        0x6 SERVICES/SCHEDULER/SCHEDULER_program.o
                0x00000e68                SCHEDULER_clearAllTasks
 .text.SCHEDULER_enable
                0x00000e6e        0xa SERVICES/SCHEDULER/SCHEDULER_program.o
                0x00000e6e                SCHEDULER_enable
 .text.SCHEDULER_disable
                0x00000e78        0xa SERVICES/SCHEDULER/SCHEDULER_program.o
                0x00000e78                SCHEDULER_disable
 .text.libgcc.div
                0x00000e82       0x44 c:/program files (x86)/atmel/studio/7.0/toolchain/avr8/avr8-gnu-toolchain/bin/../lib/gcc/avr/5.4.0/avr5\libgcc.a(_udivmodsi4.o)
                0x00000e82                __udivmodsi4
 .text.libgcc.mul
                0x00000ec6       0x16 c:/program files (x86)/atmel/studio/7.0/toolchain/avr8/avr8-gnu-toolchain/bin/../lib/gcc/avr/5.4.0/avr5\libgcc.a(_muluhisi3.o)
                0x00000ec6                __muluhisi3
 .text.libgcc.mul
                0x00000edc       0x1e c:/program files (x86)/atmel/studio/7.0/toolchain/avr8/avr8-gnu-toolchain/bin/../lib/gcc/avr/5.4.0/avr5\libgcc.a(_umulhisi3.o)
                0x00000edc                __umulhisi3
                0x00000efa                . = ALIGN (0x2)
 *(.fini9)
 .fini9         0x00000efa        0x0 c:/program files (x86)/atmel/studio/7.0/toolchain/avr8/avr8-gnu-toolchain/bin/../lib/gcc/avr/5.4.0/avr5\libgcc.a(_exit.o)
                0x00000efa                _exit
                0x00000efa                exit
 *(.fini9)
 *(.fini8)
 *(.fini8)
 *(.fini7)
 *(.fini7)
 *(.fini6)
 *(.fini6)
 *(.fini5)
 *(.fini5)
 *(.fini4)
 *(.fini4)
 *(.fini3)
 *(.fini3)
 *(.fini2)
 *(.fini2)
 *(.fini1)
 *(.fini1)
 *(.fini0)
 .fini0         0x00000efa        0x4 c:/program files (x86)/atmel/studio/7.0/toolchain/avr8/avr8-gnu-toolchain/bin/../lib/gcc/avr/5.4.0/avr5\libgcc.a(_exit.o)
 *(.fini0)
                0x00000efe                _etext = .

.data           0x00800060        0x2 load address 0x00000efe
                0x00800060                PROVIDE (__data_start, .)
 *(.data)
 *(.data*)
 .data.sensorTemp
                0x00800060        0x1 APP/app.o
                0x00800060                sensorTemp
 .data.desiredTemp
                0x00800061        0x1 APP/app.o
                0x00800061                desiredTemp
 *(.gnu.linkonce.d*)
 *(.rodata)
 *(.rodata*)
 *(.gnu.linkonce.r*)
                0x00800062                . = ALIGN (0x2)
                0x00800062                _edata = .
                0x00800062                PROVIDE (__data_end, .)

.bss            0x00800062       0x64
                0x00800062                PROVIDE (__bss_start, .)
 *(.bss)
 *(.bss*)
 .bss.sensorTempSum.1769
                0x00800062        0x4 APP/app.o
 .bss.counter.1770
                0x00800066        0x1 APP/app.o
 .bss.c.1762    0x00800067        0x1 APP/app.o
 .bss.c.1758    0x00800068        0x1 APP/app.o
 .bss.stateTimer
                0x00800069        0x4 APP/app.o
                0x00800069                stateTimer
 .bss.appState  0x0080006d        0x1 APP/app.o
                0x0080006d                appState
 .bss.digit2_dot
                0x0080006e        0x1 HAL/SEV_SEG/SEV_SEG_program.o
 .bss.digit1_dot
                0x0080006f        0x1 HAL/SEV_SEG/SEV_SEG_program.o
 .bss.digit2_en
                0x00800070        0x1 HAL/SEV_SEG/SEV_SEG_program.o
 .bss.digit1_en
                0x00800071        0x1 HAL/SEV_SEG/SEV_SEG_program.o
 .bss.digit2_num
                0x00800072        0x1 HAL/SEV_SEG/SEV_SEG_program.o
 .bss.digit1_num
                0x00800073        0x1 HAL/SEV_SEG/SEV_SEG_program.o
 .bss.callbackPtr
                0x00800074        0x2 MCAL/EXT_INT_0/EXT_INT_0_program.o
 .bss.callbackPtr
                0x00800076        0x2 MCAL/EXT_INT_1/EXT_INT_1_program.o
 .bss.callbackPtr
                0x00800078        0x2 MCAL/EXT_INT_2/EXT_INT_2_program.o
 .bss.counter.1607
                0x0080007a        0x4 MCAL/TIMER_2/TIMER_2_program.o
 .bss.callback  0x0080007e        0x2 MCAL/TIMER_2/TIMER_2_program.o
 .bss.counter.1639
                0x00800080        0x4 SERVICES/SCHEDULER/SCHEDULER_program.o
 .bss.tasksCounter
                0x00800084        0x1 SERVICES/SCHEDULER/SCHEDULER_program.o
 .bss.tasks     0x00800085       0x3c SERVICES/SCHEDULER/SCHEDULER_program.o
 *(COMMON)
 COMMON         0x008000c1        0x5 APP/app.o
                0x008000c1                led
                0x008000c6                PROVIDE (__bss_end, .)
                0x00000efe                __data_load_start = LOADADDR (.data)
                0x00000f00                __data_load_end = (__data_load_start + SIZEOF (.data))

.noinit         0x008000c6        0x0
                [!provide]                PROVIDE (__noinit_start, .)
 *(.noinit*)
                [!provide]                PROVIDE (__noinit_end, .)
                0x008000c6                _end = .
                [!provide]                PROVIDE (__heap_start, .)

.eeprom         0x00810000        0x0
 *(.eeprom*)
                0x00810000                __eeprom_end = .

.fuse
 *(.fuse)
 *(.lfuse)
 *(.hfuse)
 *(.efuse)

.lock
 *(.lock*)

.signature
 *(.signature*)

.user_signatures
 *(.user_signatures*)

.stab
 *(.stab)

.stabstr
 *(.stabstr)

.stab.excl
 *(.stab.excl)

.stab.exclstr
 *(.stab.exclstr)

.stab.index
 *(.stab.index)

.stab.indexstr
 *(.stab.indexstr)

.comment        0x00000000       0x30
 *(.comment)
 .comment       0x00000000       0x30 APP/app.o
                                 0x31 (size before relaxing)
 .comment       0x00000030       0x31 HAL/COOLER/COOLER_program.o
 .comment       0x00000030       0x31 HAL/HEATER/HEATER_program.o
 .comment       0x00000030       0x31 HAL/LM35/LM35_program.o
 .comment       0x00000030       0x31 HAL/RGB_LED/RGB_LED_program.o
 .comment       0x00000030       0x31 HAL/SEV_SEG/SEV_SEG_program.o
 .comment       0x00000030       0x31 main.o
 .comment       0x00000030       0x31 MCAL/ADC/ADC_program.o
 .comment       0x00000030       0x31 MCAL/DIO/DIO_program.o
 .comment       0x00000030       0x31 MCAL/EEPROM/EEPROM_program.o
 .comment       0x00000030       0x31 MCAL/EXT_INT_0/EXT_INT_0_program.o
 .comment       0x00000030       0x31 MCAL/EXT_INT_1/EXT_INT_1_program.o
 .comment       0x00000030       0x31 MCAL/EXT_INT_2/EXT_INT_2_program.o
 .comment       0x00000030       0x31 MCAL/GIE/GIE_program.o
 .comment       0x00000030       0x31 MCAL/TIMER_2/TIMER_2_program.o
 .comment       0x00000030       0x31 SERVICES/SCHEDULER/SCHEDULER_program.o

.note.gnu.avr.deviceinfo
                0x00000000       0x3c
 .note.gnu.avr.deviceinfo
                0x00000000       0x3c C:/Program Files (x86)/Atmel/Studio/7.0/Packs/atmel/ATmega_DFP/1.7.374/gcc/dev/atmega32/avr5/crtatmega32.o

.note.gnu.build-id
 *(.note.gnu.build-id)

.debug
 *(.debug)

.line
 *(.line)

.debug_srcinfo
 *(.debug_srcinfo)

.debug_sfnames
 *(.debug_sfnames)

.debug_aranges  0x00000000      0x388
 *(.debug_aranges)
 .debug_aranges
                0x00000000       0x68 APP/app.o
 .debug_aranges
                0x00000068       0x30 HAL/COOLER/COOLER_program.o
 .debug_aranges
                0x00000098       0x30 HAL/HEATER/HEATER_program.o
 .debug_aranges
                0x000000c8       0x28 HAL/LM35/LM35_program.o
 .debug_aranges
                0x000000f0       0x38 HAL/RGB_LED/RGB_LED_program.o
 .debug_aranges
                0x00000128       0x50 HAL/SEV_SEG/SEV_SEG_program.o
 .debug_aranges
                0x00000178       0x20 main.o
 .debug_aranges
                0x00000198       0x28 MCAL/ADC/ADC_program.o
 .debug_aranges
                0x000001c0       0x38 MCAL/DIO/DIO_program.o
 .debug_aranges
                0x000001f8       0x28 MCAL/EEPROM/EEPROM_program.o
 .debug_aranges
                0x00000220       0x40 MCAL/EXT_INT_0/EXT_INT_0_program.o
 .debug_aranges
                0x00000260       0x40 MCAL/EXT_INT_1/EXT_INT_1_program.o
 .debug_aranges
                0x000002a0       0x40 MCAL/EXT_INT_2/EXT_INT_2_program.o
 .debug_aranges
                0x000002e0       0x28 MCAL/GIE/GIE_program.o
 .debug_aranges
                0x00000308       0x30 MCAL/TIMER_2/TIMER_2_program.o
 .debug_aranges
                0x00000338       0x50 SERVICES/SCHEDULER/SCHEDULER_program.o

.debug_pubnames
 *(.debug_pubnames)

.debug_info     0x00000000     0x2754
 *(.debug_info .gnu.linkonce.wi.*)
 .debug_info    0x00000000      0x4e6 C:/Program Files (x86)/Atmel/Studio/7.0/Packs/atmel/ATmega_DFP/1.7.374/gcc/dev/atmega32/avr5/crtatmega32.o
 .debug_info    0x000004e6      0xb6e APP/app.o
 .debug_info    0x00001054      0x133 HAL/COOLER/COOLER_program.o
 .debug_info    0x00001187      0x133 HAL/HEATER/HEATER_program.o
 .debug_info    0x000012ba      0x103 HAL/LM35/LM35_program.o
 .debug_info    0x000013bd      0x2dd HAL/RGB_LED/RGB_LED_program.o
 .debug_info    0x0000169a      0x43e HAL/SEV_SEG/SEV_SEG_program.o
 .debug_info    0x00001ad8       0xc3 main.o
 .debug_info    0x00001b9b       0xd4 MCAL/ADC/ADC_program.o
 .debug_info    0x00001c6f      0x1b0 MCAL/DIO/DIO_program.o
 .debug_info    0x00001e1f       0xe9 MCAL/EEPROM/EEPROM_program.o
 .debug_info    0x00001f08      0x165 MCAL/EXT_INT_0/EXT_INT_0_program.o
 .debug_info    0x0000206d      0x165 MCAL/EXT_INT_1/EXT_INT_1_program.o
 .debug_info    0x000021d2      0x14d MCAL/EXT_INT_2/EXT_INT_2_program.o
 .debug_info    0x0000231f       0xa6 MCAL/GIE/GIE_program.o
 .debug_info    0x000023c5      0x118 MCAL/TIMER_2/TIMER_2_program.o
 .debug_info    0x000024dd      0x277 SERVICES/SCHEDULER/SCHEDULER_program.o

.debug_abbrev   0x00000000     0x10a3
 *(.debug_abbrev)
 .debug_abbrev  0x00000000      0x4a3 C:/Program Files (x86)/Atmel/Studio/7.0/Packs/atmel/ATmega_DFP/1.7.374/gcc/dev/atmega32/avr5/crtatmega32.o
 .debug_abbrev  0x000004a3      0x18f APP/app.o
 .debug_abbrev  0x00000632       0x71 HAL/COOLER/COOLER_program.o
 .debug_abbrev  0x000006a3       0x71 HAL/HEATER/HEATER_program.o
 .debug_abbrev  0x00000714       0x9a HAL/LM35/LM35_program.o
 .debug_abbrev  0x000007ae       0xe8 HAL/RGB_LED/RGB_LED_program.o
 .debug_abbrev  0x00000896       0xea HAL/SEV_SEG/SEV_SEG_program.o
 .debug_abbrev  0x00000980       0x68 main.o
 .debug_abbrev  0x000009e8       0x7e MCAL/ADC/ADC_program.o
 .debug_abbrev  0x00000a66       0xb8 MCAL/DIO/DIO_program.o
 .debug_abbrev  0x00000b1e       0x80 MCAL/EEPROM/EEPROM_program.o
 .debug_abbrev  0x00000b9e       0xf0 MCAL/EXT_INT_0/EXT_INT_0_program.o
 .debug_abbrev  0x00000c8e       0xf0 MCAL/EXT_INT_1/EXT_INT_1_program.o
 .debug_abbrev  0x00000d7e       0xe1 MCAL/EXT_INT_2/EXT_INT_2_program.o
 .debug_abbrev  0x00000e5f       0x46 MCAL/GIE/GIE_program.o
 .debug_abbrev  0x00000ea5       0xb5 MCAL/TIMER_2/TIMER_2_program.o
 .debug_abbrev  0x00000f5a      0x149 SERVICES/SCHEDULER/SCHEDULER_program.o

.debug_line     0x00000000     0x172b
 *(.debug_line .debug_line.* .debug_line_end)
 .debug_line    0x00000000      0x116 C:/Program Files (x86)/Atmel/Studio/7.0/Packs/atmel/ATmega_DFP/1.7.374/gcc/dev/atmega32/avr5/crtatmega32.o
 .debug_line    0x00000116      0x5eb APP/app.o
 .debug_line    0x00000701       0xb4 HAL/COOLER/COOLER_program.o
 .debug_line    0x000007b5       0xb4 HAL/HEATER/HEATER_program.o
 .debug_line    0x00000869       0xc3 HAL/LM35/LM35_program.o
 .debug_line    0x0000092c      0x190 HAL/RGB_LED/RGB_LED_program.o
 .debug_line    0x00000abc      0x1fb HAL/SEV_SEG/SEV_SEG_program.o
 .debug_line    0x00000cb7       0x5b main.o
 .debug_line    0x00000d12       0xbc MCAL/ADC/ADC_program.o
 .debug_line    0x00000dce      0x194 MCAL/DIO/DIO_program.o
 .debug_line    0x00000f62       0xd5 MCAL/EEPROM/EEPROM_program.o
 .debug_line    0x00001037      0x128 MCAL/EXT_INT_0/EXT_INT_0_program.o
 .debug_line    0x0000115f      0x128 MCAL/EXT_INT_1/EXT_INT_1_program.o
 .debug_line    0x00001287      0x122 MCAL/EXT_INT_2/EXT_INT_2_program.o
 .debug_line    0x000013a9       0x88 MCAL/GIE/GIE_program.o
 .debug_line    0x00001431       0xf4 MCAL/TIMER_2/TIMER_2_program.o
 .debug_line    0x00001525      0x206 SERVICES/SCHEDULER/SCHEDULER_program.o

.debug_frame    0x00000000      0x718
 *(.debug_frame)
 .debug_frame   0x00000000       0xd0 APP/app.o
 .debug_frame   0x000000d0       0x44 HAL/COOLER/COOLER_program.o
 .debug_frame   0x00000114       0x44 HAL/HEATER/HEATER_program.o
 .debug_frame   0x00000158       0x34 HAL/LM35/LM35_program.o
 .debug_frame   0x0000018c       0x8c HAL/RGB_LED/RGB_LED_program.o
 .debug_frame   0x00000218       0x84 HAL/SEV_SEG/SEV_SEG_program.o
 .debug_frame   0x0000029c       0x24 main.o
 .debug_frame   0x000002c0       0x34 MCAL/ADC/ADC_program.o
 .debug_frame   0x000002f4       0x54 MCAL/DIO/DIO_program.o
 .debug_frame   0x00000348       0x34 MCAL/EEPROM/EEPROM_program.o
 .debug_frame   0x0000037c       0xac MCAL/EXT_INT_0/EXT_INT_0_program.o
 .debug_frame   0x00000428       0xac MCAL/EXT_INT_1/EXT_INT_1_program.o
 .debug_frame   0x000004d4       0xac MCAL/EXT_INT_2/EXT_INT_2_program.o
 .debug_frame   0x00000580       0x34 MCAL/GIE/GIE_program.o
 .debug_frame   0x000005b4       0x8c MCAL/TIMER_2/TIMER_2_program.o
 .debug_frame   0x00000640       0xd8 SERVICES/SCHEDULER/SCHEDULER_program.o

.debug_str      0x00000000      0xaf1
 *(.debug_str)
 .debug_str     0x00000000      0x196 C:/Program Files (x86)/Atmel/Studio/7.0/Packs/atmel/ATmega_DFP/1.7.374/gcc/dev/atmega32/avr5/crtatmega32.o
 .debug_str     0x00000196      0x51c APP/app.o
                                0x548 (size before relaxing)
 .debug_str     0x000006b2       0x93 HAL/COOLER/COOLER_program.o
                                0x1eb (size before relaxing)
 .debug_str     0x00000745       0x1f HAL/HEATER/HEATER_program.o
                                0x1eb (size before relaxing)
 .debug_str     0x00000764       0x45 HAL/LM35/LM35_program.o
                                0x1e2 (size before relaxing)
 .debug_str     0x000007a9       0x21 HAL/RGB_LED/RGB_LED_program.o
                                0x226 (size before relaxing)
 .debug_str     0x000007ca       0xb0 HAL/SEV_SEG/SEV_SEG_program.o
                                0x2ab (size before relaxing)
 .debug_str     0x0000087a       0x11 main.o
                                0x1ab (size before relaxing)
 .debug_str     0x0000088b       0x2c MCAL/ADC/ADC_program.o
                                0x1c3 (size before relaxing)
 .debug_str     0x000008b7       0x4b MCAL/DIO/DIO_program.o
                                0x1ee (size before relaxing)
 .debug_str     0x00000902       0x34 MCAL/EEPROM/EEPROM_program.o
                                0x1da (size before relaxing)
 .debug_str     0x00000936       0x5d MCAL/EXT_INT_0/EXT_INT_0_program.o
                                0x238 (size before relaxing)
 .debug_str     0x00000993       0x43 MCAL/EXT_INT_1/EXT_INT_1_program.o
                                0x238 (size before relaxing)
 .debug_str     0x000009d6       0x43 MCAL/EXT_INT_2/EXT_INT_2_program.o
                                0x226 (size before relaxing)
 .debug_str     0x00000a19       0x26 MCAL/GIE/GIE_program.o
                                0x1b6 (size before relaxing)
 .debug_str     0x00000a3f       0x49 MCAL/TIMER_2/TIMER_2_program.o
                                0x1f0 (size before relaxing)
 .debug_str     0x00000a88       0x69 SERVICES/SCHEDULER/SCHEDULER_program.o
                                0x288 (size before relaxing)

.debug_loc      0x00000000      0xf4a
 *(.debug_loc)
 .debug_loc     0x00000000       0xd5 APP/app.o
 .debug_loc     0x000000d5       0x74 HAL/LM35/LM35_program.o
 .debug_loc     0x00000149      0x27a HAL/RGB_LED/RGB_LED_program.o
 .debug_loc     0x000003c3       0xb6 HAL/SEV_SEG/SEV_SEG_program.o
 .debug_loc     0x00000479       0x4b MCAL/ADC/ADC_program.o
 .debug_loc     0x000004c4      0x500 MCAL/DIO/DIO_program.o
 .debug_loc     0x000009c4       0x26 MCAL/EEPROM/EEPROM_program.o
 .debug_loc     0x000009ea       0xcb MCAL/EXT_INT_0/EXT_INT_0_program.o
 .debug_loc     0x00000ab5       0xcb MCAL/EXT_INT_1/EXT_INT_1_program.o
 .debug_loc     0x00000b80       0xcb MCAL/EXT_INT_2/EXT_INT_2_program.o
 .debug_loc     0x00000c4b       0xcb MCAL/TIMER_2/TIMER_2_program.o
 .debug_loc     0x00000d16      0x234 SERVICES/SCHEDULER/SCHEDULER_program.o

.debug_macinfo
 *(.debug_macinfo)

.debug_weaknames
 *(.debug_weaknames)

.debug_funcnames
 *(.debug_funcnames)

.debug_typenames
 *(.debug_typenames)

.debug_varnames
 *(.debug_varnames)

.debug_pubtypes
 *(.debug_pubtypes)

.debug_ranges   0x00000000      0x2a0
 *(.debug_ranges)
 .debug_ranges  0x00000000       0x58 APP/app.o
 .debug_ranges  0x00000058       0x20 HAL/COOLER/COOLER_program.o
 .debug_ranges  0x00000078       0x20 HAL/HEATER/HEATER_program.o
 .debug_ranges  0x00000098       0x18 HAL/LM35/LM35_program.o
 .debug_ranges  0x000000b0       0x28 HAL/RGB_LED/RGB_LED_program.o
 .debug_ranges  0x000000d8       0x40 HAL/SEV_SEG/SEV_SEG_program.o
 .debug_ranges  0x00000118       0x10 main.o
 .debug_ranges  0x00000128       0x18 MCAL/ADC/ADC_program.o
 .debug_ranges  0x00000140       0x28 MCAL/DIO/DIO_program.o
 .debug_ranges  0x00000168       0x18 MCAL/EEPROM/EEPROM_program.o
 .debug_ranges  0x00000180       0x30 MCAL/EXT_INT_0/EXT_INT_0_program.o
 .debug_ranges  0x000001b0       0x30 MCAL/EXT_INT_1/EXT_INT_1_program.o
 .debug_ranges  0x000001e0       0x30 MCAL/EXT_INT_2/EXT_INT_2_program.o
 .debug_ranges  0x00000210       0x18 MCAL/GIE/GIE_program.o
 .debug_ranges  0x00000228       0x20 MCAL/TIMER_2/TIMER_2_program.o
 .debug_ranges  0x00000248       0x58 SERVICES/SCHEDULER/SCHEDULER_program.o

.debug_macro
 *(.debug_macro)
OUTPUT(electric_water_heater_proj.elf elf32-avr)
LOAD linker stubs
